Microsoft Access encountered an error while importing the object 'frmLogin'.

Error encountered at line 398.
Tab index 2 was not found in this section.
Error encountered at line 398.
Tab index 2 was not found in this section.
Error encountered at line 398.
Tab index 2 was not found in this section.
Error encountered at line 398.
Tab index 2 was not found in this section.
Error encountered at line 398.
Tab index 2 was not found in this section.
Error encountered at line 398.
Tab index 2 was not found in this section.
Error encountered at line 398.
Tab index 2 was not found in this section.
Error encountered at line 398.
Tab index 2 was not found in this section.
